// Jest Snapshot v1, https://goo.gl/fbAQLP

exports[`Header Component should render correctly 1`] = `
<header
  className="header"
>
  <div
    className="header__title"
  >
    Recipes Book
  </div>
</header>
`;
